MPLINK 5.09, LINKER
Linker Map File - Created Wed Mar 24 22:00:19 2021

                                 Section Info
                  Section       Type    Address   Location Size(Bytes)
                ---------  ---------  ---------  ---------  ---------
                 RES_VECT       code   0x000000    program   0x000002
                   .cinit    romdata   0x000001    program   0x000004
                MAIN_PROG       code   0x000003    program   0x000150
.config_2007_BUILD/DEFAULT/PRODUCTION/INICIAL       code   0x002007    program   0x000002
.config_2008_BUILD/DEFAULT/PRODUCTION/INICIAL       code   0x002008    program   0x000002



                              Program Memory Usage 
                               Start         End      
                           ---------   ---------      
                            0x000000    0x0000aa      
                            0x002007    0x002008      
            173 out of 8455 program addresses used, program memory utilization is 2%



                              Symbols - Sorted by Name
                     Name    Address   Location    Storage File                     
                ---------  ---------  ---------  --------- ---------                
                   DELAY1   0x000096    program     static C:\Users\angel\OneDrive\Desktop\iniciales.X\iniciales.asm
                   DELAY2   0x000071    program     static C:\Users\angel\OneDrive\Desktop\iniciales.X\iniciales.asm
                    ILOOP   0x000098    program     static C:\Users\angel\OneDrive\Desktop\iniciales.X\iniciales.asm
                   INICIO   0x00001a    program     static C:\Users\angel\OneDrive\Desktop\iniciales.X\iniciales.asm
                    JLOOP   0x00009c    program     static C:\Users\angel\OneDrive\Desktop\iniciales.X\iniciales.asm
                    KLOOP   0x0000a0    program     static C:\Users\angel\OneDrive\Desktop\iniciales.X\iniciales.asm
                   LETRA1   0x00001a    program     static C:\Users\angel\OneDrive\Desktop\iniciales.X\iniciales.asm
                   LETRA2   0x00002d    program     static C:\Users\angel\OneDrive\Desktop\iniciales.X\iniciales.asm
                   LETRA3   0x00004a    program     static C:\Users\angel\OneDrive\Desktop\iniciales.X\iniciales.asm
                   LETRA4   0x00005d    program     static C:\Users\angel\OneDrive\Desktop\iniciales.X\iniciales.asm
                    LLOOP   0x000075    program     static C:\Users\angel\OneDrive\Desktop\iniciales.X\iniciales.asm
                    MLOOP   0x00007c    program     static C:\Users\angel\OneDrive\Desktop\iniciales.X\iniciales.asm
                    NLOOP   0x000080    program     static C:\Users\angel\OneDrive\Desktop\iniciales.X\iniciales.asm
                    START   0x000003    program     static C:\Users\angel\OneDrive\Desktop\iniciales.X\iniciales.asm
                   TIEMPO   0x000087    program     static C:\Users\angel\OneDrive\Desktop\iniciales.X\iniciales.asm
          _MAIN_PROG_00A6   0x0000a9    program     static C:\Users\angel\OneDrive\Desktop\iniciales.X\iniciales.asm
                    loopi   0x00008d    program     static C:\Users\angel\OneDrive\Desktop\iniciales.X\iniciales.asm
                    loopj   0x000089    program     static C:\Users\angel\OneDrive\Desktop\iniciales.X\iniciales.asm
                    loopk   0x00008b    program     static C:\Users\angel\OneDrive\Desktop\iniciales.X\iniciales.asm



                              Symbols - Sorted by Address
                     Name    Address   Location    Storage File                     
                ---------  ---------  ---------  --------- ---------                
                    START   0x000003    program     static C:\Users\angel\OneDrive\Desktop\iniciales.X\iniciales.asm
                   INICIO   0x00001a    program     static C:\Users\angel\OneDrive\Desktop\iniciales.X\iniciales.asm
                   LETRA1   0x00001a    program     static C:\Users\angel\OneDrive\Desktop\iniciales.X\iniciales.asm
                   LETRA2   0x00002d    program     static C:\Users\angel\OneDrive\Desktop\iniciales.X\iniciales.asm
                   LETRA3   0x00004a    program     static C:\Users\angel\OneDrive\Desktop\iniciales.X\iniciales.asm
                   LETRA4   0x00005d    program     static C:\Users\angel\OneDrive\Desktop\iniciales.X\iniciales.asm
                   DELAY2   0x000071    program     static C:\Users\angel\OneDrive\Desktop\iniciales.X\iniciales.asm
                    LLOOP   0x000075    program     static C:\Users\angel\OneDrive\Desktop\iniciales.X\iniciales.asm
                    MLOOP   0x00007c    program     static C:\Users\angel\OneDrive\Desktop\iniciales.X\iniciales.asm
                    NLOOP   0x000080    program     static C:\Users\angel\OneDrive\Desktop\iniciales.X\iniciales.asm
                   TIEMPO   0x000087    program     static C:\Users\angel\OneDrive\Desktop\iniciales.X\iniciales.asm
                    loopj   0x000089    program     static C:\Users\angel\OneDrive\Desktop\iniciales.X\iniciales.asm
                    loopk   0x00008b    program     static C:\Users\angel\OneDrive\Desktop\iniciales.X\iniciales.asm
                    loopi   0x00008d    program     static C:\Users\angel\OneDrive\Desktop\iniciales.X\iniciales.asm
                   DELAY1   0x000096    program     static C:\Users\angel\OneDrive\Desktop\iniciales.X\iniciales.asm
                    ILOOP   0x000098    program     static C:\Users\angel\OneDrive\Desktop\iniciales.X\iniciales.asm
                    JLOOP   0x00009c    program     static C:\Users\angel\OneDrive\Desktop\iniciales.X\iniciales.asm
                    KLOOP   0x0000a0    program     static C:\Users\angel\OneDrive\Desktop\iniciales.X\iniciales.asm
          _MAIN_PROG_00A6   0x0000a9    program     static C:\Users\angel\OneDrive\Desktop\iniciales.X\iniciales.asm


